Archive member included because of file (symbol)

Libraries/libstm32f0.a(stm32f0xx_gpio.o)
                              /tmp/cc5N2vf4.o (GPIO_Init)
Libraries/libstm32f0.a(stm32f0xx_rcc.o)
                              /tmp/cc5N2vf4.o (RCC_AHBPeriphClockCmd)
Libraries/libstm32f0.a(stm32f0xx_usart.o)
                              /tmp/ccMZnGiL.o (USART_Init)
/usr/lib/gcc/arm-none-eabi/4.8.2/armv6-m/libgcc.a(_udivsi3.o)
                              /tmp/ccibdQmn.o (__aeabi_uidiv)
/usr/lib/gcc/arm-none-eabi/4.8.2/armv6-m/libgcc.a(_dvmd_tls.o)
                              /usr/lib/gcc/arm-none-eabi/4.8.2/armv6-m/libgcc.a(_udivsi3.o) (__aeabi_idiv0)
/usr/lib/gcc/arm-none-eabi/4.8.2/../../../arm-none-eabi/lib/armv6-m/libg.a(lib_a-atexit.o)
                              /usr/lib/gcc/arm-none-eabi/4.8.2/../../../arm-none-eabi/lib/armv6-m/crt0.o (atexit)
/usr/lib/gcc/arm-none-eabi/4.8.2/../../../arm-none-eabi/lib/armv6-m/libg.a(lib_a-exit.o)
                              /usr/lib/gcc/arm-none-eabi/4.8.2/../../../arm-none-eabi/lib/armv6-m/crt0.o (exit)
/usr/lib/gcc/arm-none-eabi/4.8.2/../../../arm-none-eabi/lib/armv6-m/libg.a(lib_a-fini.o)
                              /usr/lib/gcc/arm-none-eabi/4.8.2/../../../arm-none-eabi/lib/armv6-m/crt0.o (__libc_fini_array)
/usr/lib/gcc/arm-none-eabi/4.8.2/../../../arm-none-eabi/lib/armv6-m/libg.a(lib_a-impure.o)
                              /usr/lib/gcc/arm-none-eabi/4.8.2/../../../arm-none-eabi/lib/armv6-m/libg.a(lib_a-exit.o) (_global_impure_ptr)
/usr/lib/gcc/arm-none-eabi/4.8.2/../../../arm-none-eabi/lib/armv6-m/libg.a(lib_a-init.o)
                              /usr/lib/gcc/arm-none-eabi/4.8.2/../../../arm-none-eabi/lib/armv6-m/crt0.o (__libc_init_array)
/usr/lib/gcc/arm-none-eabi/4.8.2/../../../arm-none-eabi/lib/armv6-m/libg.a(lib_a-memset.o)
                              /usr/lib/gcc/arm-none-eabi/4.8.2/../../../arm-none-eabi/lib/armv6-m/crt0.o (memset)
/usr/lib/gcc/arm-none-eabi/4.8.2/../../../arm-none-eabi/lib/armv6-m/libg.a(lib_a-vsnprintf.o)
                              /tmp/ccMZnGiL.o (vsnprintf)
/usr/lib/gcc/arm-none-eabi/4.8.2/../../../arm-none-eabi/lib/armv6-m/libg.a(lib_a-__atexit.o)
                              /usr/lib/gcc/arm-none-eabi/4.8.2/../../../arm-none-eabi/lib/armv6-m/libg.a(lib_a-atexit.o) (__register_exitproc)
/usr/lib/gcc/arm-none-eabi/4.8.2/../../../arm-none-eabi/lib/armv6-m/libg.a(lib_a-__call_atexit.o)
                              /usr/lib/gcc/arm-none-eabi/4.8.2/../../../arm-none-eabi/lib/armv6-m/libg.a(lib_a-exit.o) (__call_exitprocs)
/usr/lib/gcc/arm-none-eabi/4.8.2/../../../arm-none-eabi/lib/armv6-m/libg.a(lib_a-svfprintf.o)
                              /usr/lib/gcc/arm-none-eabi/4.8.2/../../../arm-none-eabi/lib/armv6-m/libg.a(lib_a-vsnprintf.o) (_svfprintf_r)
/usr/lib/gcc/arm-none-eabi/4.8.2/../../../arm-none-eabi/lib/armv6-m/libg.a(lib_a-dtoa.o)
                              /usr/lib/gcc/arm-none-eabi/4.8.2/../../../arm-none-eabi/lib/armv6-m/libg.a(lib_a-svfprintf.o) (_dtoa_r)
/usr/lib/gcc/arm-none-eabi/4.8.2/../../../arm-none-eabi/lib/armv6-m/libg.a(lib_a-locale.o)
                              /usr/lib/gcc/arm-none-eabi/4.8.2/../../../arm-none-eabi/lib/armv6-m/libg.a(lib_a-svfprintf.o) (_localeconv_r)
/usr/lib/gcc/arm-none-eabi/4.8.2/../../../arm-none-eabi/lib/armv6-m/libg.a(lib_a-mallocr.o)
                              /usr/lib/gcc/arm-none-eabi/4.8.2/../../../arm-none-eabi/lib/armv6-m/libg.a(lib_a-svfprintf.o) (_malloc_r)
/usr/lib/gcc/arm-none-eabi/4.8.2/../../../arm-none-eabi/lib/armv6-m/libg.a(lib_a-memchr-stub.o)
                              /usr/lib/gcc/arm-none-eabi/4.8.2/../../../arm-none-eabi/lib/armv6-m/libg.a(lib_a-svfprintf.o) (memchr)
/usr/lib/gcc/arm-none-eabi/4.8.2/../../../arm-none-eabi/lib/armv6-m/libg.a(lib_a-memcpy-stub.o)
                              /usr/lib/gcc/arm-none-eabi/4.8.2/../../../arm-none-eabi/lib/armv6-m/libg.a(lib_a-dtoa.o) (memcpy)
/usr/lib/gcc/arm-none-eabi/4.8.2/../../../arm-none-eabi/lib/armv6-m/libg.a(lib_a-mlock.o)
                              /usr/lib/gcc/arm-none-eabi/4.8.2/../../../arm-none-eabi/lib/armv6-m/libg.a(lib_a-mallocr.o) (__malloc_lock)
/usr/lib/gcc/arm-none-eabi/4.8.2/../../../arm-none-eabi/lib/armv6-m/libg.a(lib_a-mprec.o)
                              /usr/lib/gcc/arm-none-eabi/4.8.2/../../../arm-none-eabi/lib/armv6-m/libg.a(lib_a-dtoa.o) (_Balloc)
/usr/lib/gcc/arm-none-eabi/4.8.2/../../../arm-none-eabi/lib/armv6-m/libg.a(lib_a-s_fpclassify.o)
                              /usr/lib/gcc/arm-none-eabi/4.8.2/../../../arm-none-eabi/lib/armv6-m/libg.a(lib_a-svfprintf.o) (__fpclassifyd)
/usr/lib/gcc/arm-none-eabi/4.8.2/../../../arm-none-eabi/lib/armv6-m/libg.a(lib_a-sbrkr.o)
                              /usr/lib/gcc/arm-none-eabi/4.8.2/../../../arm-none-eabi/lib/armv6-m/libg.a(lib_a-mallocr.o) (_sbrk_r)
/usr/lib/gcc/arm-none-eabi/4.8.2/../../../arm-none-eabi/lib/armv6-m/libg.a(lib_a-strcmp.o)
[...]
Memory Configuration

Name             Origin             Length             Attributes
FLASH            0x0000000008000000 0x0000000000010000 xr
RAM              0x0000000020000000 0x0000000000002000 xrw
*default*        0x0000000000000000 0xffffffffffffffff

Linker script and memory map

LOAD /usr/lib/gcc/arm-none-eabi/4.8.2/armv6-m/crti.o
LOAD /usr/lib/gcc/arm-none-eabi/4.8.2/armv6-m/crtbegin.o
LOAD /usr/lib/gcc/arm-none-eabi/4.8.2/../../../arm-none-eabi/lib/armv6-m/crt0.o
LOAD /tmp/ccTa7IDG.o
LOAD /tmp/ccibdQmn.o
LOAD /tmp/cc5N2vf4.o
LOAD /tmp/ccMZnGiL.o
LOAD /tmp/cczoEOns.o
LOAD Libraries/libstm32f0.a
START GROUP
LOAD /usr/lib/gcc/arm-none-eabi/4.8.2/armv6-m/libgcc.a
LOAD /usr/lib/gcc/arm-none-eabi/4.8.2/../../../arm-none-eabi/lib/armv6-m/libg.a
LOAD /usr/lib/gcc/arm-none-eabi/4.8.2/../../../arm-none-eabi/lib/armv6-m/libc.a
END GROUP
LOAD /usr/lib/gcc/arm-none-eabi/4.8.2/armv6-m/crtend.o
LOAD /usr/lib/gcc/arm-none-eabi/4.8.2/armv6-m/crtn.o
                0x0000000020002000                _estack = 0x20002000

.isr_vector     0x0000000008000000       0xc4
                0x0000000008000000                . = ALIGN (0x4)
 *(.isr_vector)
 .isr_vector    0x0000000008000000       0xc4 /tmp/cczoEOns.o
                0x0000000008000000                g_pfnVectors
                0x00000000080000c4                . = ALIGN (0x4)

.text           0x00000000080000c4      0xfcc
                0x00000000080000c4                . = ALIGN (0x4)
 *(.text)
 .text          0x00000000080000c4      0x204 Libraries/libstm32f0.a(stm32f0xx_gpio.o)
                0x00000000080000c4                GPIO_DeInit
                0x0000000008000168                GPIO_Init
                0x0000000008000228                GPIO_StructInit
                0x0000000008000240                GPIO_PinLockConfig
                0x0000000008000264                GPIO_ReadInputDataBit
                0x0000000008000270                GPIO_ReadInputData
                0x0000000008000278                GPIO_ReadOutputDataBit
                0x0000000008000284                GPIO_ReadOutputData
                0x000000000800028c                GPIO_SetBits
                0x0000000008000290                GPIO_ResetBits
                0x0000000008000294                GPIO_WriteBit
                0x00000000080002a0                GPIO_Write
                0x00000000080002a4                GPIO_PinAFConfig
 .text          0x00000000080002c8      0x548 Libraries/libstm32f0.a(stm32f0xx_rcc.o)
                0x00000000080002c8                RCC_DeInit
                0x0000000008000328                RCC_HSEConfig
                0x0000000008000338                RCC_AdjustHSICalibrationValue
                0x000000000800034c                RCC_HSICmd
                0x000000000800036c                RCC_AdjustHSI14CalibrationValue
                0x0000000008000380                RCC_HSI14Cmd
                0x00000000080003a0                RCC_HSI14ADCRequestCmd
                0x00000000080003c0                RCC_LSEConfig
                0x00000000080003e0                RCC_LSEDriveConfig
                0x00000000080003f8                RCC_LSICmd
                0x0000000008000418                RCC_PLLConfig
                0x0000000008000438                RCC_PLLCmd
                0x000000000800045c                RCC_PREDIV1Config
                0x0000000008000470                RCC_ClockSecuritySystemCmd
                0x0000000008000494                RCC_MCOConfig
                0x00000000080004a0                RCC_SYSCLKConfig
                0x00000000080004b4                RCC_GetSYSCLKSource
                0x00000000080004c4                RCC_HCLKConfig
                0x00000000080004d8                RCC_PCLKConfig
                0x00000000080004f0                RCC_ADCCLKConfig
                0x0000000008000524                RCC_CECCLKConfig
                0x000000000800053c                RCC_I2CCLKConfig
                0x0000000008000554                RCC_USARTCLKConfig
                0x000000000800056c                RCC_GetClocksFreq
                0x0000000008000674                RCC_RTCCLKConfig
                0x0000000008000684                RCC_RTCCLKCmd
                0x00000000080006a8                RCC_BackupResetCmd
                0x00000000080006cc                RCC_AHBPeriphClockCmd
                0x00000000080006e4                RCC_APB2PeriphClockCmd
                0x00000000080006fc                RCC_APB1PeriphClockCmd
                0x0000000008000714                RCC_AHBPeriphResetCmd
                0x000000000800072c                RCC_APB2PeriphResetCmd
                0x0000000008000744                RCC_APB1PeriphResetCmd
                0x000000000800075c                RCC_ITConfig
                0x0000000008000774                RCC_GetFlagStatus
                0x00000000080007a8                RCC_WaitForHSEStartUp
                0x00000000080007dc                RCC_ClearFlag
                0x00000000080007f0                RCC_GetITStatus
                0x0000000008000804                RCC_ClearITPendingBit
 .text          0x0000000008000810      0x514 Libraries/libstm32f0.a(stm32f0xx_usart.o)
                0x0000000008000810                USART_DeInit
                0x0000000008000854                USART_Init
                0x00000000080008f4                USART_StructInit
                0x000000000800090c                USART_ClockInit
                0x000000000800092c                USART_ClockStructInit
                0x0000000008000938                USART_Cmd
                0x0000000008000950                USART_DirectionModeCmd
                0x0000000008000964                USART_OverSampling8Cmd
                0x0000000008000980                USART_OneBitMethodCmd
                0x000000000800099c                USART_MSBFirstCmd
                0x00000000080009b8                USART_DataInvCmd
                0x00000000080009d4                USART_InvPinCmd
                0x00000000080009e8                USART_SWAPPinCmd
                0x0000000008000a04                USART_ReceiverTimeOutCmd
                0x0000000008000a20                USART_SetReceiverTimeOut
                0x0000000008000a30                USART_SetPrescaler
                0x0000000008000a44                USART_STOPModeCmd
                0x0000000008000a5c                USART_StopModeWakeUpSourceConfig
                0x0000000008000a70                USART_AutoBaudRateCmd
                0x0000000008000a8c                USART_AutoBaudRateConfig
                0x0000000008000aa0                USART_SendData
                0x0000000008000aa8                USART_ReceiveData
                0x0000000008000ab0                USART_SetAddress
                0x0000000008000ac4                USART_MuteModeCmd
                0x0000000008000ae0                USART_MuteModeWakeUpConfig
                0x0000000008000af4                USART_AddressDetectionConfig
                0x0000000008000b04                USART_LINBreakDetectLengthConfig
                0x0000000008000b14                USART_LINCmd
                0x0000000008000b30                USART_HalfDuplexCmd
                0x0000000008000b48                USART_SetGuardTime
                0x0000000008000b5c                USART_SmartCardCmd
                0x0000000008000b74                USART_SmartCardNACKCmd
                0x0000000008000b8c                USART_SetAutoRetryCount
                0x0000000008000ba4                USART_SetBlockLength
                0x0000000008000bb8                USART_IrDAConfig
                0x0000000008000bc8                USART_IrDACmd
                0x0000000008000be0                USART_DECmd
                0x0000000008000bfc                USART_DEPolarityConfig
                0x0000000008000c10                USART_SetDEAssertionTime
                0x0000000008000c28                USART_SetDEDeassertionTime
                0x0000000008000c40                USART_DMACmd
                0x0000000008000c54                USART_DMAReceptionErrorConfig
                0x0000000008000c68                USART_ITConfig
                0x0000000008000c9c                USART_RequestCmd
                0x0000000008000cb4                USART_OverrunDetectionConfig
                0x0000000008000cc8                USART_GetFlagStatus
                0x0000000008000cd4                USART_ClearFlag
                0x0000000008000cd8                USART_GetITStatus
                0x0000000008000d18                USART_ClearITPendingBit
 .text          0x0000000008000d24       0x9c /usr/lib/gcc/arm-none-eabi/4.8.2/armv6-m/libgcc.a(_udivsi3.o)
                0x0000000008000d24                __udivsi3
                0x0000000008000d24                __aeabi_uidiv
                0x0000000008000dac                __aeabi_uidivmod
 .text          0x0000000008000dc0        0x4 /usr/lib/gcc/arm-none-eabi/4.8.2/armv6-m/libgcc.a(_dvmd_tls.o)
                0x0000000008000dc0                __aeabi_ldiv0
                0x0000000008000dc0                __aeabi_idiv0
 *(.text.*)
 .text.startup.main
                0x0000000008000dc4        0xc /tmp/ccTa7IDG.o
                0x0000000008000dc4                main
 .text.SystemInit
                0x0000000008000dd0       0xb4 /tmp/ccibdQmn.o
                0x0000000008000dd0                SystemInit
 .text.gpiopin_to_gpiopinsource
                0x0000000008000e84       0x16 /tmp/cc5N2vf4.o
                0x0000000008000e84                gpiopin_to_gpiopinsource
 *fill*         0x0000000008000e9a        0x2 
 .text.gpio_driver_init
                0x0000000008000e9c       0x74 /tmp/cc5N2vf4.o
                0x0000000008000e9c                gpio_driver_init
 .text.SysTick_Handler
                0x0000000008000f10       0x10 /tmp/ccMZnGiL.o
                0x0000000008000f10                SysTick_Handler
 .text.utilities_init
                0x0000000008000f20       0x54 /tmp/ccMZnGiL.o
                0x0000000008000f20                utilities_init
 .text.Reset_Handler
                0x0000000008000f74       0x50 /tmp/cczoEOns.o
                0x0000000008000f74                Reset_Handler
 .text.Default_Handler
                0x0000000008000fc4        0x2 /tmp/cczoEOns.o
                0x0000000008000fc4                TIM1_CC_IRQHandler
                0x0000000008000fc4                HardFault_Handler
                0x0000000008000fc4                ADC1_COMP_IRQHandler
                0x0000000008000fc4                PVD_IRQHandler
                0x0000000008000fc4                PendSV_Handler
                0x0000000008000fc4                NMI_Handler
                0x0000000008000fc4                I2C1_IRQHandler
                0x0000000008000fc4                SPI1_IRQHandler
                0x0000000008000fc4                TIM6_DAC_IRQHandler
                0x0000000008000fc4                EXTI2_3_IRQHandler
                0x0000000008000fc4                I2C2_IRQHandler
                0x0000000008000fc4                TIM17_IRQHandler
                0x0000000008000fc4                RTC_IRQHandler
                0x0000000008000fc4                TIM16_IRQHandler
                0x0000000008000fc4                TIM3_IRQHandler
                0x0000000008000fc4                EXTI4_15_IRQHandler
                0x0000000008000fc4                RCC_IRQHandler
                0x0000000008000fc4                DMA1_Channel1_IRQHandler
                0x0000000008000fc4                Default_Handler
                0x0000000008000fc4                CEC_IRQHandler
                0x0000000008000fc4                TIM14_IRQHandler
                0x0000000008000fc4                DMA1_Channel4_5_IRQHandler
                0x0000000008000fc4                TIM15_IRQHandler
                0x0000000008000fc4                EXTI0_1_IRQHandler
                0x0000000008000fc4                SPI2_IRQHandler
                0x0000000008000fc4                SVC_Handler
                0x0000000008000fc4                TS_IRQHandler
                0x0000000008000fc4                WWDG_IRQHandler
                0x0000000008000fc4                TIM2_IRQHandler
                0x0000000008000fc4                DMA1_Channel2_3_IRQHandler
                0x0000000008000fc4                USART2_IRQHandler
                0x0000000008000fc4                FLASH_IRQHandler
                0x0000000008000fc4                USART1_IRQHandler
                0x0000000008000fc4                TIM1_BRK_UP_TRG_COM_IRQHandler
 *fill*         0x0000000008000fc6        0x2 
 .text.__libc_init_array
                0x0000000008000fc8       0x48 /usr/lib/gcc/arm-none-eabi/4.8.2/../../../arm-none-eabi/lib/armv6-m/libg.a(lib_a-init.o)
                0x0000000008000fc8                __libc_init_array
 *(.rodata)
 *(.rodata*)
 .rodata.gpio_pin_mapping
                0x0000000008001010       0x68 /tmp/cc5N2vf4.o
                0x0000000008001010                gpio_pin_mapping
 *(.glue_7)
 .glue_7        0x0000000000000000        0x0 linker stubs
 *(.glue_7t)
 .glue_7t       0x0000000000000000        0x0 linker stubs
 *(.init)
 .init          0x0000000008001078        0x4 /usr/lib/gcc/arm-none-eabi/4.8.2/armv6-m/crti.o
                0x0000000008001078                _init
 .init          0x000000000800107c        0x8 /usr/lib/gcc/arm-none-eabi/4.8.2/armv6-m/crtn.o
 *(.fini)
 .fini          0x0000000008001084        0x4 /usr/lib/gcc/arm-none-eabi/4.8.2/armv6-m/crti.o
                0x0000000008001084                _fini
 .fini          0x0000000008001088        0x8 /usr/lib/gcc/arm-none-eabi/4.8.2/armv6-m/crtn.o
                0x0000000008001090                . = ALIGN (0x4)
                0x0000000008001090                _etext = .
                0x0000000008001090                _sidata = _etext

.vfp11_veneer   0x0000000008001090        0x0
 .vfp11_veneer  0x0000000000000000        0x0 linker stubs

.v4_bx          0x0000000008001090        0x0
 .v4_bx         0x0000000000000000        0x0 linker stubs

.iplt           0x0000000008001090        0x0
 .iplt          0x0000000000000000        0x0 /usr/lib/gcc/arm-none-eabi/4.8.2/armv6-m/crtbegin.o

.rel.dyn        0x0000000008001090        0x0
 .rel.iplt      0x0000000000000000        0x0 /usr/lib/gcc/arm-none-eabi/4.8.2/armv6-m/crtbegin.o

.data           0x0000000020000000       0x14 load address 0x0000000008001090
                0x0000000020000000                . = ALIGN (0x4)
                0x0000000020000000                _sdata = .
                0x0000000020000000                _data = .
 *(.data)
 .data          0x0000000020000000       0x10 Libraries/libstm32f0.a(stm32f0xx_rcc.o)
 *(.data.*)
 .data.SystemCoreClock
                0x0000000020000010        0x4 /tmp/ccibdQmn.o
                0x0000000020000010                SystemCoreClock
 *(.RAMtext)
                0x0000000020000014                . = ALIGN (0x4)
                0x0000000020000014                _edata = .

.igot.plt       0x0000000020000014        0x0 load address 0x00000000080010a4
 .igot.plt      0x0000000000000000        0x0 /usr/lib/gcc/arm-none-eabi/4.8.2/armv6-m/crtbegin.o

.bss            0x0000000020000014        0x4 load address 0x00000000080010a4
                0x0000000020000014                . = ALIGN (0x4)
                0x0000000020000014                _sbss = .
                0x0000000020000014                _bss = .
 *(.bss)
 *(.bss.*)
 .bss.msTicks   0x0000000020000014        0x4 /tmp/ccMZnGiL.o
                0x0000000020000014                msTicks
 *(COMMON)
                0x0000000020000018                . = ALIGN (0x4)
                0x0000000020000018                _ebss = .
                0x0000000020000018                PROVIDE (end, _ebss)
                0x0000000020000018                PROVIDE (_end, _ebss)
                0x0000000020000018                __exidx_start = .
                0x0000000020000018                __exidx_end = .

/DISCARD/
 libc.a(*)
 libm.a(*)
 libgcc.a(*)

.stab
 *(.stab)

.stabstr
 *(.stabstr)

.stab.excl
 *(.stab.excl)

.stab.exclstr
 *(.stab.exclstr)

.stab.index
 *(.stab.index)

.stab.indexstr
 *(.stab.indexstr)

.comment        0x0000000000000000       0x1f
 *(.comment)
 .comment       0x0000000000000000       0x1f /tmp/ccTa7IDG.o
                                         0x20 (size before relaxing)
 .comment       0x0000000000000000       0x20 /tmp/ccibdQmn.o
 .comment       0x0000000000000000       0x20 /tmp/cc5N2vf4.o
 .comment       0x0000000000000000       0x20 /tmp/ccMZnGiL.o
 .comment       0x0000000000000000       0x20 Libraries/libstm32f0.a(stm32f0xx_gpio.o)
 .comment       0x0000000000000000       0x20 Libraries/libstm32f0.a(stm32f0xx_rcc.o)
 .comment       0x0000000000000000       0x20 Libraries/libstm32f0.a(stm32f0xx_usart.o)
 .comment       0x0000000000000000       0x20 /usr/lib/gcc/arm-none-eabi/4.8.2/../../../arm-none-eabi/lib/armv6-m/libg.a(lib_a-init.o)

.ARM.attributes
                0x0000000000000000       0x28
 .ARM.attributes
                0x0000000000000000       0x1e /usr/lib/gcc/arm-none-eabi/4.8.2/armv6-m/crti.o
 .ARM.attributes
                0x000000000000001e       0x31 /tmp/ccTa7IDG.o
 .ARM.attributes
                0x000000000000004f       0x31 /tmp/ccibdQmn.o
 .ARM.attributes
                0x0000000000000080       0x31 /tmp/cc5N2vf4.o
 .ARM.attributes
                0x00000000000000b1       0x31 /tmp/ccMZnGiL.o
 .ARM.attributes
                0x00000000000000e2       0x21 /tmp/cczoEOns.o
 .ARM.attributes
                0x0000000000000103       0x31 Libraries/libstm32f0.a(stm32f0xx_gpio.o)
 .ARM.attributes
                0x0000000000000134       0x31 Libraries/libstm32f0.a(stm32f0xx_rcc.o)
 .ARM.attributes
                0x0000000000000165       0x31 Libraries/libstm32f0.a(stm32f0xx_usart.o)
 .ARM.attributes
                0x0000000000000196       0x1e /usr/lib/gcc/arm-none-eabi/4.8.2/armv6-m/libgcc.a(_udivsi3.o)
 .ARM.attributes
                0x00000000000001b4       0x1e /usr/lib/gcc/arm-none-eabi/4.8.2/armv6-m/libgcc.a(_dvmd_tls.o)
 .ARM.attributes
                0x00000000000001d2       0x2c /usr/lib/gcc/arm-none-eabi/4.8.2/../../../arm-none-eabi/lib/armv6-m/libg.a(lib_a-init.o)
 .ARM.attributes
                0x00000000000001fe       0x1e /usr/lib/gcc/arm-none-eabi/4.8.2/armv6-m/crtn.o

.debug
 *(.debug)

.line
 *(.line)

.debug_srcinfo
 *(.debug_srcinfo)

.debug_sfnames
 *(.debug_sfnames)

.debug_aranges  0x0000000000000000      0x1a8
 *(.debug_aranges)
 .debug_aranges
                0x0000000000000000       0x20 /tmp/ccTa7IDG.o
 .debug_aranges
                0x0000000000000020       0x28 /tmp/ccibdQmn.o
 .debug_aranges
                0x0000000000000048       0x38 /tmp/cc5N2vf4.o
 .debug_aranges
                0x0000000000000080       0x40 /tmp/ccMZnGiL.o
 .debug_aranges
                0x00000000000000c0       0x28 /tmp/cczoEOns.o
 .debug_aranges
                0x00000000000000e8       0x20 Libraries/libstm32f0.a(stm32f0xx_gpio.o)
 .debug_aranges
                0x0000000000000108       0x20 Libraries/libstm32f0.a(stm32f0xx_rcc.o)
 .debug_aranges
                0x0000000000000128       0x20 Libraries/libstm32f0.a(stm32f0xx_usart.o)
 .debug_aranges
                0x0000000000000148       0x20 /usr/lib/gcc/arm-none-eabi/4.8.2/armv6-m/libgcc.a(_udivsi3.o)
 .debug_aranges
                0x0000000000000168       0x20 /usr/lib/gcc/arm-none-eabi/4.8.2/armv6-m/libgcc.a(_dvmd_tls.o)
 .debug_aranges
                0x0000000000000188       0x20 /usr/lib/gcc/arm-none-eabi/4.8.2/../../../arm-none-eabi/lib/armv6-m/libg.a(lib_a-init.o)

.debug_pubnames
 *(.debug_pubnames)

.debug_info     0x0000000000000000     0x32f6
 *(.debug_info .gnu.linkonce.wi.*)
 .debug_info    0x0000000000000000       0xb4 /tmp/ccTa7IDG.o
 .debug_info    0x00000000000000b4      0x2eb /tmp/ccibdQmn.o
 .debug_info    0x000000000000039f      0x5ef /tmp/cc5N2vf4.o
 .debug_info    0x000000000000098e      0x780 /tmp/ccMZnGiL.o
 .debug_info    0x000000000000110e       0x6b /tmp/cczoEOns.o
 .debug_info    0x0000000000001179      0x6d4 Libraries/libstm32f0.a(stm32f0xx_gpio.o)
 .debug_info    0x000000000000184d      0x9b0 Libraries/libstm32f0.a(stm32f0xx_rcc.o)
 .debug_info    0x00000000000021fd      0xeb6 Libraries/libstm32f0.a(stm32f0xx_usart.o)
 .debug_info    0x00000000000030b3       0x9f /usr/lib/gcc/arm-none-eabi/4.8.2/armv6-m/libgcc.a(_udivsi3.o)
 .debug_info    0x0000000000003152       0x9f /usr/lib/gcc/arm-none-eabi/4.8.2/armv6-m/libgcc.a(_dvmd_tls.o)
 .debug_info    0x00000000000031f1      0x105 /usr/lib/gcc/arm-none-eabi/4.8.2/../../../arm-none-eabi/lib/armv6-m/libg.a(lib_a-init.o)

.debug_abbrev   0x0000000000000000      0xcaa
 *(.debug_abbrev)
 .debug_abbrev  0x0000000000000000       0x62 /tmp/ccTa7IDG.o
 .debug_abbrev  0x0000000000000062      0x131 /tmp/ccibdQmn.o
 .debug_abbrev  0x0000000000000193      0x1db /tmp/cc5N2vf4.o
 .debug_abbrev  0x000000000000036e      0x286 /tmp/ccMZnGiL.o
 .debug_abbrev  0x00000000000005f4       0x12 /tmp/cczoEOns.o
 .debug_abbrev  0x0000000000000606      0x1c7 Libraries/libstm32f0.a(stm32f0xx_gpio.o)
 .debug_abbrev  0x00000000000007cd      0x230 Libraries/libstm32f0.a(stm32f0xx_rcc.o)
 .debug_abbrev  0x00000000000009fd      0x1cb Libraries/libstm32f0.a(stm32f0xx_usart.o)
 .debug_abbrev  0x0000000000000bc8       0x14 /usr/lib/gcc/arm-none-eabi/4.8.2/armv6-m/libgcc.a(_udivsi3.o)
 .debug_abbrev  0x0000000000000bdc       0x14 /usr/lib/gcc/arm-none-eabi/4.8.2/armv6-m/libgcc.a(_dvmd_tls.o)
 .debug_abbrev  0x0000000000000bf0       0xba /usr/lib/gcc/arm-none-eabi/4.8.2/../../../arm-none-eabi/lib/armv6-m/libg.a(lib_a-init.o)

.debug_line     0x0000000000000000      0xf61
 *(.debug_line)
 .debug_line    0x0000000000000000       0x60 /tmp/ccTa7IDG.o
 .debug_line    0x0000000000000060      0x11a /tmp/ccibdQmn.o
 .debug_line    0x000000000000017a      0x18c /tmp/cc5N2vf4.o
 .debug_line    0x0000000000000306      0x217 /tmp/ccMZnGiL.o
 .debug_line    0x000000000000051d       0x7d /tmp/cczoEOns.o
 .debug_line    0x000000000000059a      0x1bd Libraries/libstm32f0.a(stm32f0xx_gpio.o)
 .debug_line    0x0000000000000757      0x2ff Libraries/libstm32f0.a(stm32f0xx_rcc.o)
 .debug_line    0x0000000000000a56      0x36b Libraries/libstm32f0.a(stm32f0xx_usart.o)
 .debug_line    0x0000000000000dc1       0x7c /usr/lib/gcc/arm-none-eabi/4.8.2/armv6-m/libgcc.a(_udivsi3.o)
 .debug_line    0x0000000000000e3d       0x64 /usr/lib/gcc/arm-none-eabi/4.8.2/armv6-m/libgcc.a(_dvmd_tls.o)
 .debug_line    0x0000000000000ea1       0xc0 /usr/lib/gcc/arm-none-eabi/4.8.2/../../../arm-none-eabi/lib/armv6-m/libg.a(lib_a-init.o)

.debug_frame    0x0000000000000000      0x8b4
 *(.debug_frame)
 .debug_frame   0x0000000000000000       0x28 /tmp/ccTa7IDG.o
 .debug_frame   0x0000000000000028       0x48 /tmp/ccibdQmn.o
 .debug_frame   0x0000000000000070       0x70 /tmp/cc5N2vf4.o
 .debug_frame   0x00000000000000e0       0x88 /tmp/ccMZnGiL.o
 .debug_frame   0x0000000000000168      0x110 Libraries/libstm32f0.a(stm32f0xx_gpio.o)
 .debug_frame   0x0000000000000278      0x2a0 Libraries/libstm32f0.a(stm32f0xx_rcc.o)
 .debug_frame   0x0000000000000518      0x350 Libraries/libstm32f0.a(stm32f0xx_usart.o)
 .debug_frame   0x0000000000000868       0x20 /usr/lib/gcc/arm-none-eabi/4.8.2/armv6-m/libgcc.a(_udivsi3.o)
 .debug_frame   0x0000000000000888       0x2c /usr/lib/gcc/arm-none-eabi/4.8.2/../../../arm-none-eabi/lib/armv6-m/libg.a(lib_a-init.o)

.debug_str      0x0000000000000000     0x181d
 *(.debug_str)
 .debug_str     0x0000000000000000      0x12e /tmp/ccTa7IDG.o
                                        0x167 (size before relaxing)
 .debug_str     0x000000000000012e      0x119 /tmp/ccibdQmn.o
                                        0x26f (size before relaxing)
 .debug_str     0x0000000000000247      0x3f4 /tmp/cc5N2vf4.o
                                        0x566 (size before relaxing)
 .debug_str     0x000000000000063b      0x3b1 /tmp/ccMZnGiL.o
                                        0x56b (size before relaxing)
 .debug_str     0x00000000000009ec      0x1db Libraries/libstm32f0.a(stm32f0xx_gpio.o)
                                        0x497 (size before relaxing)
 .debug_str     0x0000000000000bc7      0x4d3 Libraries/libstm32f0.a(stm32f0xx_rcc.o)
                                        0x700 (size before relaxing)
 .debug_str     0x000000000000109a      0x625 Libraries/libstm32f0.a(stm32f0xx_usart.o)
                                        0x978 (size before relaxing)
 .debug_str     0x00000000000016bf      0x15e /usr/lib/gcc/arm-none-eabi/4.8.2/../../../arm-none-eabi/lib/armv6-m/libg.a(lib_a-init.o)
                                        0x1fd (size before relaxing)

.debug_loc      0x0000000000000000     0x16b1
 *(.debug_loc)
 .debug_loc     0x0000000000000000      0x108 /tmp/ccibdQmn.o
 .debug_loc     0x0000000000000108      0x13a /tmp/cc5N2vf4.o
 .debug_loc     0x0000000000000242       0x56 /tmp/ccMZnGiL.o
 .debug_loc     0x0000000000000298      0x321 Libraries/libstm32f0.a(stm32f0xx_gpio.o)
 .debug_loc     0x00000000000005b9      0x815 Libraries/libstm32f0.a(stm32f0xx_rcc.o)
 .debug_loc     0x0000000000000dce      0x85f Libraries/libstm32f0.a(stm32f0xx_usart.o)
 .debug_loc     0x000000000000162d       0x84 /usr/lib/gcc/arm-none-eabi/4.8.2/../../../arm-none-eabi/lib/armv6-m/libg.a(lib_a-init.o)

.debug_macinfo
 *(.debug_macinfo)

.debug_weaknames
 *(.debug_weaknames)

.debug_funcnames
 *(.debug_funcnames)

.debug_typenames
 *(.debug_typenames)

.debug_varnames
 *(.debug_varnames)
OUTPUT(build/hrrgb.elf elf32-littlearm)

.debug_ranges   0x0000000000000000       0xc8
 .debug_ranges  0x0000000000000000       0x10 /tmp/ccTa7IDG.o
 .debug_ranges  0x0000000000000010       0x18 /tmp/ccibdQmn.o
 .debug_ranges  0x0000000000000028       0x28 /tmp/cc5N2vf4.o
 .debug_ranges  0x0000000000000050       0x48 /tmp/ccMZnGiL.o
 .debug_ranges  0x0000000000000098       0x20 /tmp/cczoEOns.o
 .debug_ranges  0x00000000000000b8       0x10 /usr/lib/gcc/arm-none-eabi/4.8.2/../../../arm-none-eabi/lib/armv6-m/libg.a(lib_a-init.o)
